// Vitest Snapshot v1, https://vitest.dev/guide/snapshot.html

exports[`useImposerSettingsStore — characterization (golden) > default state (mọi field dữ liệu) khớp snapshot vàng 1`] = `
{
  "activeDashboardTool": "none",
  "align": "center",
  "autoCatalog": false,
  "batchOutput": null,
  "blankPlacement": "end",
  "bleed": 2,
  "bookReportDisplay": {
    "bodyPaper": "",
    "centered": true,
    "colorMode": "4/4 màu",
    "coverFinish": "",
    "coverPaper": "",
    "enabled": false,
    "fieldOrder": [
      "orderCode",
      "title",
      "finishedSize",
      "pageCount",
      "quantity",
      "binding",
      "bodyPaper",
      "coverPaper",
      "coverFinish",
      "colorMode",
      "printSides",
      "paperSize",
      "notes",
    ],
    "fontSize": 7,
    "notes": "",
    "offsetX": 5,
    "offsetY": 5,
    "orderCode": "",
    "position": "top",
    "printSides": "In 2 mặt",
    "quantity": 0,
    "removeDiacritics": false,
    "showBinding": true,
    "showBodyPaper": true,
    "showColorMode": true,
    "showCoverFinish": true,
    "showCoverPaper": true,
    "showFinishedSize": true,
    "showNotes": true,
    "showOrderCode": true,
    "showPageCount": true,
    "showPaperSize": true,
    "showPrintSides": true,
    "showQuantity": true,
    "showTitle": true,
    "titleText": "",
  },
  "catalogHasCover": true,
  "catalogJobsState": null,
  "catalogMasterSigOverride": "auto",
  "catalogPreview": "",
  "catalogRemainderPlacement": "outside",
  "clusterBorder": false,
  "clusterCols": 2,
  "clusterCombineMode": "replicate_mixed",
  "clusterCount": 2,
  "clusterDistribution": "default",
  "clusterGap": 10,
  "clusterGapMode": "mark",
  "clusterMode": "none",
  "clusterNesting": true,
  "clusterRows": 2,
  "clusterSizingMode": "dims",
  "clusterTileH": 210,
  "clusterTileW": 148,
  "cncDuplexMarks": true,
  "cncFlipEdge": "long",
  "columns": 0,
  "confirmBookletSettings": null,
  "coverPageCount": 4,
  "customMaterials": [],
  "customSheetHeight": 420,
  "customSheetWidth": 297,
  "cutBorder": {
    "color": "#000000",
    "enabled": false,
    "position": "trim",
    "thickness": 0.3,
  },
  "cutType": "default",
  "dieOffsetMm": 0,
  "dieSizeMode": "die",
  "duplexFlipEdge": "long",
  "duplexFlow": "normal",
  "exportUniqueSheets": true,
  "fetchEpoch": 0,
  "fillBlockGap": 0,
  "foldPattern": "",
  "foliosize": 16,
  "formsize": "A3",
  "gapX": 0,
  "gapY": 0,
  "gridStrategy": "optimal_auto",
  "gripperMargin": 0,
  "groupingStrategy": "maximize_area",
  "gutterMargin": 0,
  "impositionUnit": "sticker",
  "interleave": "normal",
  "isPresetOpen": false,
  "layoutType": "sequential",
  "marginBottom": 5,
  "marginLeft": 0,
  "marginMode": "labels_only",
  "marginRight": 0,
  "marginTop": 5,
  "markType": "guillotine",
  "marksConfig": {
    "distance": 3,
    "length": 5,
    "style": 1,
    "thickness": 0.25,
  },
  "mixedExcessPercent": 10,
  "mixedPlacedByPage": {},
  "optimalData": null,
  "paperClassification": "in_nhanh",
  "paperThickness": 0,
  "pontConfig": {
    "disableCollision": false,
    "groupName": "MarkLine",
    "guide1Enabled": false,
    "guide1Length": 20,
    "guide1OffX": 0,
    "guide1OffY": 0,
    "guide1Pos": "BL",
    "guide1Thickness": 0.5,
    "guide2Enabled": false,
    "guide2Length": 20,
    "guide2OffX": 0,
    "guide2OffY": 0,
    "guide2Pos": "BR",
    "guide2Thickness": 0.5,
    "isGraphtec": false,
    "itemName": "MKLINE",
    "layerInfoName": "SA info 0 0 0 17.01 2 -16777216 -16777216 1 1 0",
    "layerName": "Marks_Model_",
    "marginBottom": 7,
    "marginLeft": 7,
    "marginRight": 7,
    "marginTop": 7,
    "shape": "circle",
    "size": 5,
    "thickness": 0.5,
  },
  "pontType": "none",
  "pontsOnCutFile": true,
  "previewCapacities": {},
  "previewCapacity": 0,
  "reportDisplay": {
    "centered": true,
    "enabled": true,
    "fieldOrder": [
      "orderCode",
      "identifier",
      "gangCount",
      "labelName",
      "material",
      "lamination",
      "labelsPerSheet",
      "actualQty",
      "sheetCount",
      "dimensions",
      "paperSize",
      "cutFileRef",
      "modeLabel",
    ],
    "fontSize": 8,
    "labelNameText": "",
    "offsetX": 5,
    "offsetY": 5,
    "position": "top",
    "removeDiacritics": false,
    "showActualQty": true,
    "showCutFileRef": false,
    "showDimensions": false,
    "showGangCount": true,
    "showIdentifier": true,
    "showLabelName": true,
    "showLabelsPerSheet": true,
    "showLamination": true,
    "showMaterial": true,
    "showModeLabel": true,
    "showPaperSize": false,
    "showSheetCount": true,
  },
  "reportLamination": 0,
  "reportLaminationSides": 1,
  "reportMaterial": "",
  "reportOrderCode": "",
  "resizeSettings": {
    "applyTo": "all",
    "applyToStr": "all",
    "autoTrimBefore": false,
    "bgFillColor": "#ffffff",
    "bgFillMode": "mirror",
    "pageSizeMode": "fixed",
    "resizeByContent": false,
    "resizeMode": "auto",
    "scaleMode": "fit",
    "sizePresetId": "A4",
    "targetH": 297,
    "targetW": 210,
  },
  "rows": 0,
  "saveByReport": false,
  "savePrint": {
    "autoSave": false,
    "folderMode": "per_order",
    "includeDate": false,
    "includeOrderCode": true,
    "lastFolder": "",
    "nameMode": "report",
  },
  "scaleMode": "100",
  "separateCover": false,
  "separateCutPage": true,
  "showBleedView": false,
  "showFlipbook": false,
  "showGapSettings": false,
  "showMarksModal": false,
  "showPontModal": false,
  "showSettings": false,
  "showSheetViewer": false,
  "shuffleSettings": {
    "groupSize": 1,
    "mode": "normal",
    "presetId": "custom",
    "rule": "",
  },
  "signatureMode": "saddle",
  "sourceMediaPageDim": null,
  "sourceMediaPageDims": [],
  "sourcePageDim": null,
  "sourcePageDims": [],
  "spawnNewTabByTool": {},
  "splitSettings": {
    "mode": "by_range",
    "pageListStr": "",
    "pagesPerFile": 1,
    "ranges": "",
  },
  "spreadDistribution": "clustered",
  "targetQuantitiesByPage": {},
  "targetQuantity": 0,
  "taskMode": "nup",
  "tileGapX": 0,
  "tileGapY": 0,
  "toolProfiles": {},
  "trimShiftSettings": {
    "applyToStr": "all",
    "bindingEnabled": false,
    "bindingInward": true,
    "bindingMm": 0,
    "contentMode": "original",
    "creepAxis": "x",
    "creepEnabled": false,
    "creepMm": 0,
    "keepBleed": false,
    "mirrorFill": false,
    "sameAllEdges": false,
    "shiftX": 0,
    "shiftY": 0,
    "trimBottom": 0,
    "trimLeft": 0,
    "trimRight": 0,
    "trimTop": 0,
    "unit": "mm",
  },
}
`;

exports[`useImposerSettingsStore — characterization (golden) > tập partialize keys (đưa vào localStorage) khớp snapshot vàng 1`] = `
[
  "align",
  "autoCatalog",
  "blankPlacement",
  "bleed",
  "bookReportDisplay",
  "catalogHasCover",
  "catalogMasterSigOverride",
  "catalogRemainderPlacement",
  "clusterBorder",
  "clusterCols",
  "clusterCombineMode",
  "clusterCount",
  "clusterDistribution",
  "clusterGap",
  "clusterGapMode",
  "clusterMode",
  "clusterNesting",
  "clusterRows",
  "clusterSizingMode",
  "clusterTileH",
  "clusterTileW",
  "cncDuplexMarks",
  "cncFlipEdge",
  "columns",
  "coverPageCount",
  "customMaterials",
  "customSheetHeight",
  "customSheetWidth",
  "cutBorder",
  "duplexFlipEdge",
  "duplexFlow",
  "exportUniqueSheets",
  "fillBlockGap",
  "foldPattern",
  "foliosize",
  "formsize",
  "gapX",
  "gapY",
  "gridStrategy",
  "gripperMargin",
  "groupingStrategy",
  "gutterMargin",
  "impositionUnit",
  "interleave",
  "layoutType",
  "marginBottom",
  "marginLeft",
  "marginMode",
  "marginRight",
  "marginTop",
  "markType",
  "mixedExcessPercent",
  "paperClassification",
  "paperThickness",
  "pontConfig",
  "pontType",
  "pontsOnCutFile",
  "reportDisplay",
  "reportLamination",
  "reportLaminationSides",
  "reportMaterial",
  "resizeSettings",
  "rows",
  "saveByReport",
  "savePrint",
  "scaleMode",
  "separateCover",
  "separateCutPage",
  "signatureMode",
  "spawnNewTabByTool",
  "spreadDistribution",
  "taskMode",
  "tileGapX",
  "tileGapY",
  "toolProfiles",
]
`;
